Description of problem:
-------------------------
Tried to scale existing overcloud with 1 compute and 1 controller  to 2 compute 1 controller and 1 ceph using unified CLI command:
openstack overcloud  deploy --compute-scale 2 --ceph-storage-scale 1 --plan-uuid 2e80f963-d05f-48bc-ab0d-2fd00ae7a8da and failed with error: 
Deployment exited with non-zero status code: 6 for CephStorageNodesPostDeployment resource

Version-Release number of selected component (if applicable):
----------------------------------------------------------------
$ rpm -qa | grep osc
python-rdomanager-oscplugin-0.0.8-1.el7ost.noarch

$ rpm -qa | grep heat
openstack-heat-engine-2015.1.0-3.el7ost.noarch
openstack-heat-api-cfn-2015.1.0-3.el7ost.noarch
openstack-heat-templates-0-0.6.20150605git.el7ost.noarch
openstack-heat-api-2015.1.0-3.el7ost.noarch
heat-cfntools-1.2.8-2.el7.noarch
openstack-heat-common-2015.1.0-3.el7ost.noarch
python-heatclient-0.6.0-1.el7ost.noarch
openstack-heat-api-cloudwatch-2015.1.0-3.el7ost.noarch
openstack-tripleo-heat-templates-0.8.6-9.el7ost.noarch

$ rpm -qa | grep rhos
rhos-release-0.62-1.noarch


How reproducible:
-------------------
100%

Steps to Reproduce:
----------------------
1.Deploy overcloud with 1 compute and 1 controller
2.scale computes to 2 and add ceph using unified cli command:
openstack overcloud  deploy --compute-scale 2 --ceph-storage-scale 1 --plan-uuid $UUID

Actual results:
-----------------
Scale failed with status code 6 for CephStorageNodesPostDeployment


Expected results:
-------------------
Scale successfully finished 


Additional info:
--------------------
$ openstack overcloud  deploy --compute-scale 2 --ceph-storage-scale 1 --plan-uuid 2e80f963-d05f-48bc-ab0d-2fd00ae7a8da
The following templates will be written:
/tmp/tmphLO430/puppet/manifests/overcloud_volume.pp
/tmp/tmphLO430/hieradata/object.yaml
/tmp/tmphLO430/puppet/hieradata/common.yaml
/tmp/tmphLO430/provider-Swift-Storage-1.yaml
/tmp/tmphLO430/network/ports/net_ip_map.yaml
/tmp/tmphLO430/provider-Cinder-Storage-1.yaml
/tmp/tmphLO430/provider-Compute-1.yaml
/tmp/tmphLO430/network/noop.yaml
/tmp/tmphLO430/puppet/bootstrap-config.yaml
/tmp/tmphLO430/net-config-bridge.yaml
/tmp/tmphLO430/provider-Ceph-Storage-1.yaml
/tmp/tmphLO430/puppet/controller-post-puppet.yaml
/tmp/tmphLO430/puppet/cinder-storage-puppet.yaml
/tmp/tmphLO430/puppet/manifests/overcloud_cephstorage.pp
/tmp/tmphLO430/puppet/hieradata/object.yaml
/tmp/tmphLO430/puppet/controller-puppet.yaml
/tmp/tmphLO430/puppet/manifests/overcloud_compute.pp
/tmp/tmphLO430/puppet/cinder-storage-post.yaml
/tmp/tmphLO430/puppet/swift-storage-post.yaml
/tmp/tmphLO430/provider-Controller-1.yaml
/tmp/tmphLO430/network/networks.yaml
/tmp/tmphLO430/puppet/manifests/overcloud_object.pp
/tmp/tmphLO430/hieradata/controller.yaml
/tmp/tmphLO430/network/ports/ctlplane_vip.yaml
/tmp/tmphLO430/hieradata/volume.yaml
/tmp/tmphLO430/puppet/compute-post-puppet.yaml
/tmp/tmphLO430/extraconfig/tasks/yum_update.yaml
/tmp/tmphLO430/puppet/swift-storage-puppet.yaml
/tmp/tmphLO430/extraconfig/tasks/yum_update.sh
/tmp/tmphLO430/puppet/swift-devices-and-proxy-config.yaml
/tmp/tmphLO430/puppet/controller-config-pacemaker.yaml
/tmp/tmphLO430/puppet/compute-puppet.yaml
/tmp/tmphLO430/puppet/hieradata/volume.yaml
/tmp/tmphLO430/puppet/ceph-storage-post-puppet.yaml
/tmp/tmphLO430/extraconfig/controller/noop.yaml
/tmp/tmphLO430/network/ports/noop.yaml
/tmp/tmphLO430/puppet/ceph-storage-puppet.yaml
/tmp/tmphLO430/puppet/hieradata/ceph.yaml
/tmp/tmphLO430/puppet/vip-config.yaml
/tmp/tmphLO430/puppet/hieradata/controller.yaml
/tmp/tmphLO430/plan.yaml
/tmp/tmphLO430/environment.yaml
/tmp/tmphLO430/network/ports/net_ip_list_map.yaml
/tmp/tmphLO430/hieradata/compute.yaml
/tmp/tmphLO430/puppet/hieradata/compute.yaml
/tmp/tmphLO430/hieradata/ceph.yaml
/tmp/tmphLO430/puppet/manifests/overcloud_controller_pacemaker.pp
/tmp/tmphLO430/hieradata/common.yaml
/tmp/tmphLO430/puppet/manifests/ringbuilder.pp
/tmp/tmphLO430/firstboot/userdata_default.yaml
/tmp/tmphLO430/net-config-noop.yaml
/tmp/tmphLO430/puppet/ceph-cluster-config.yaml
/tmp/tmphLO430/extraconfig/post_deploy/default.yaml
/tmp/tmphLO430/puppet/all-nodes-config.yaml
ERROR: openstack Heat Stack update failed.
[stack@instack ~]$ heat stack-list
+--------------------------------------+------------+---------------+----------------------+
| id                                   | stack_name | stack_status  | creation_time        |
+--------------------------------------+------------+---------------+----------------------+
| 70261d64-ce22-4dd6-9239-7d3504d20f54 | overcloud  | UPDATE_FAILED | 2015-06-21T09:43:27Z |
+--------------------------------------+------------+---------------+----------------------+

[stack@instack ~]$ heat resource-list 70261d64-ce22-4dd6-9239-7d3504d20f54
+-----------------------------------+-----------------------------------------------+---------------------------------------------------+-----------------+----------------------+
| resource_name                     | physical_resource_id                          | resource_type                                     | resource_status | updated_time         |
+-----------------------------------+-----------------------------------------------+---------------------------------------------------+-----------------+----------------------+
| ControlVirtualIP                  | b4f73210-2000-4ba8-a933-5d8d058e1655          | OS::Neutron::Port                                 | CREATE_COMPLETE | 2015-06-21T09:43:28Z |
| HeatAuthEncryptionKey             | overcloud-HeatAuthEncryptionKey-zubuht6wolju  | OS::Heat::RandomString                            | CREATE_COMPLETE | 2015-06-21T09:43:28Z |
| HorizonSecret                     | overcloud-HorizonSecret-u62vggnuomwx          | OS::Heat::RandomString                            | CREATE_COMPLETE | 2015-06-21T09:43:28Z |
| MysqlClusterUniquePart            | overcloud-MysqlClusterUniquePart-roobryxfcotn | OS::Heat::RandomString                            | CREATE_COMPLETE | 2015-06-21T09:43:28Z |
| MysqlRootPassword                 | overcloud-MysqlRootPassword-w22c5xiifjib      | OS::Heat::RandomString                            | CREATE_COMPLETE | 2015-06-21T09:43:28Z |
| PcsdPassword                      | overcloud-PcsdPassword-qbmxpy6hl65h           | OS::Heat::RandomString                            | CREATE_COMPLETE | 2015-06-21T09:43:28Z |
| PublicVirtualIP                   | b025200d-10b6-4570-b1fa-94771f18fa19          | OS::Neutron::Port                                 | CREATE_COMPLETE | 2015-06-21T09:43:28Z |
| RabbitCookie                      | overcloud-RabbitCookie-q4vodvqnmybc           | OS::Heat::RandomString                            | CREATE_COMPLETE | 2015-06-21T09:43:28Z |
| ControllerClusterConfig           | 030b1b9a-0a61-4b18-acf3-e5f21dd44c21          | OS::Heat::StructuredConfig                        | CREATE_COMPLETE | 2015-06-21T14:45:23Z |
| Networks                          | ccd0f65a-499d-48a8-8519-6100cf3cde3c          | OS::TripleO::Network                              | UPDATE_COMPLETE | 2015-06-22T14:21:00Z |
| VipConfig                         | 08fe0ee8-9e6d-4583-b8f4-3f0c58a2da6d          | OS::TripleO::VipConfig                            | UPDATE_COMPLETE | 2015-06-22T14:21:00Z |
| Ceph-Storage                      | 48d89dfc-858d-4537-8d57-ead66ce3c3a1          | OS::Heat::ResourceGroup                           | UPDATE_COMPLETE | 2015-06-22T14:21:02Z |
| Swift-Storage                     | 49a2baf7-5b51-45ec-914f-250ac9f59acb          | OS::Heat::ResourceGroup                           | UPDATE_COMPLETE | 2015-06-22T14:21:04Z |
| InternalApiVirtualIP              | 7765e89c-93a8-4906-9f3b-36d0f4c720c8          | OS::TripleO::Controller::Ports::InternalApiPort   | UPDATE_COMPLETE | 2015-06-22T14:21:12Z |
| StorageMgmtVirtualIP              | e85f73cd-3f18-4876-81f9-ebbc06df0d87          | OS::TripleO::Controller::Ports::StorageMgmtPort   | UPDATE_COMPLETE | 2015-06-22T14:21:13Z |
| StorageVirtualIP                  | 85c5c817-1490-491e-ae08-066eeb3e7626          | OS::TripleO::Controller::Ports::StoragePort       | UPDATE_COMPLETE | 2015-06-22T14:21:14Z |
| RedisVirtualIP                    | ccd5ab39-5eef-466d-95bb-9631dbf2e534          | OS::TripleO::Controller::Ports::RedisVipPort      | UPDATE_COMPLETE | 2015-06-22T14:21:16Z |
| VipMap                            | 6fcc7b00-90b3-4c89-8410-749faf83e4a2          | OS::TripleO::Network::Ports::NetIpMap             | UPDATE_COMPLETE | 2015-06-22T14:21:18Z |
| Cinder-Storage                    | 093ef6a1-f62a-4ff6-8e91-048ba0ff34fa          | OS::Heat::ResourceGroup                           | UPDATE_COMPLETE | 2015-06-22T14:21:19Z |
| Compute                           | 357d1054-bc60-4106-a3e2-92c516b85a82          | OS::Heat::ResourceGroup                           | UPDATE_COMPLETE | 2015-06-22T14:21:20Z |
| Controller                        | 611127f2-f28d-4f56-824e-6a15379e269a          | OS::Heat::ResourceGroup                           | UPDATE_COMPLETE | 2015-06-22T14:21:22Z |
| VipDeployment                     | 60c43e29-065b-48d3-88fa-03c2ac431fbe          | OS::Heat::StructuredDeployments                   | UPDATE_COMPLETE | 2015-06-22T14:22:46Z |
| ControllerIpListMap               | ad774c0b-b5e8-4750-b9f4-cc86bfaab2f9          | OS::TripleO::Network::Ports::NetIpListMap         | UPDATE_COMPLETE | 2015-06-22T14:22:48Z |
| SwiftDevicesAndProxyConfig        | 11c927f2-4a3b-4f4b-88ab-c2c599b2e10c          | OS::TripleO::SwiftDevicesAndProxy::SoftwareConfig | UPDATE_COMPLETE | 2015-06-22T14:22:50Z |
| ControllerBootstrapNodeConfig     | 4fcd3adf-7404-4b6c-9e65-d9a20fe2974b          | OS::TripleO::BootstrapNode::SoftwareConfig        | UPDATE_COMPLETE | 2015-06-22T14:22:52Z |
| ControllerClusterDeployment       | b728c995-659b-4916-8b40-a549fb6d932a          | OS::Heat::StructuredDeployments                   | UPDATE_COMPLETE | 2015-06-22T14:22:57Z |
| CephClusterConfig                 | 6af9fc8a-8a30-46d3-ba64-e0cce7f7ebcd          | OS::TripleO::CephClusterConfig::SoftwareConfig    | UPDATE_COMPLETE | 2015-06-22T14:22:58Z |
| ControllerSwiftDeployment         | b3a57216-a4e7-4932-8e58-f7a0039dfea7          | OS::Heat::StructuredDeployments                   | UPDATE_COMPLETE | 2015-06-22T14:23:02Z |
| ControllerBootstrapNodeDeployment | df0d3e59-f701-4616-8403-4b1474603a49          | OS::Heat::StructuredDeployments                   | UPDATE_COMPLETE | 2015-06-22T14:23:04Z |
| ObjectStorageSwiftDeployment      | d3a91f9f-cf42-4df0-80ea-efe453d002f3          | OS::Heat::StructuredDeployments                   | UPDATE_COMPLETE | 2015-06-22T14:23:06Z |
| ControllerCephDeployment          | 0db3244c-2bbf-45f2-9cae-54ab72050805          | OS::Heat::StructuredDeployments                   | UPDATE_COMPLETE | 2015-06-22T14:23:12Z |
| CephStorageCephDeployment         | e5f27ad5-e95f-4587-a627-887bc3df109f          | OS::Heat::StructuredDeployments                   | UPDATE_COMPLETE | 2015-06-22T14:23:43Z |
| ComputeCephDeployment             | 73747c0c-c7d5-41cb-9b2e-815aa419701e          | OS::Heat::StructuredDeployments                   | UPDATE_COMPLETE | 2015-06-22T14:24:12Z |
| allNodesConfig                    | 34f1af91-e55b-4ab2-8834-a0f2b83d1ef1          | OS::TripleO::AllNodes::SoftwareConfig             | UPDATE_COMPLETE | 2015-06-22T14:24:13Z |
| ComputeAllNodesDeployment         | 0b504191-b8e0-452a-8d5c-22feee6c8f2e          | OS::Heat::StructuredDeployments                   | UPDATE_COMPLETE | 2015-06-22T14:24:20Z |
| CephStorageAllNodesDeployment     | 78354e58-9517-428d-be77-60ec8f8562d6          | OS::Heat::StructuredDeployments                   | UPDATE_COMPLETE | 2015-06-22T14:24:21Z |
| BlockStorageAllNodesDeployment    | cb820190-60b6-4b43-b2fd-55f4c35c6e9d          | OS::Heat::StructuredDeployments                   | UPDATE_COMPLETE | 2015-06-22T14:24:24Z |
| ControllerAllNodesDeployment      | 91667362-d810-4d4d-93a9-93e9d0e13e94          | OS::Heat::StructuredDeployments                   | UPDATE_COMPLETE | 2015-06-22T14:24:25Z |
| ObjectStorageAllNodesDeployment   | 533afdae-4001-4752-8071-e4e45586a9ef          | OS::Heat::StructuredDeployments                   | UPDATE_COMPLETE | 2015-06-22T14:24:27Z |
| ObjectStorageNodesPostDeployment  | fc6fd58a-c698-4030-bbf0-45d4e1b0bc1a          | OS::TripleO::ObjectStoragePostDeployment          | UPDATE_COMPLETE | 2015-06-22T14:24:29Z |
| ComputeNodesPostDeployment        | 38829a42-3e05-41d2-b5f6-b41dd2a21212          | OS::TripleO::ComputePostDeployment                | UPDATE_COMPLETE | 2015-06-22T14:24:51Z |
| ControllerNodesPostDeployment     | f1bb74fb-daa6-46de-bf75-362d4454e3d2          | OS::TripleO::ControllerPostDeployment             | UPDATE_COMPLETE | 2015-06-22T14:25:05Z |
| BlockStorageNodesPostDeployment   | 81e30378-39b1-40bf-ba88-005dee3160e8          | OS::TripleO::BlockStoragePostDeployment           | UPDATE_COMPLETE | 2015-06-22T14:25:51Z |
| CephStorageNodesPostDeployment    | af483340-35d2-4de7-95dd-0ae78d5e4c9b          | OS::TripleO::CephStoragePostDeployment            | UPDATE_FAILED   | 2015-06-22T14:25:52Z |
+-----------------------------------+-----------------------------------------------+---------------------------------------------------+-----------------+----------------------+
[stack@instack ~]$ heat resource-show 70261d64-ce22-4dd6-9239-7d3504d20f54 CephStorageNodesPostDeployment
+------------------------+---------------------------------------------------------------------------------------------------------------------------------------------------------------------------------------------------------------------------------------------------------+
| Property               | Value                                                                                                                                                                                                                                                   |
+------------------------+---------------------------------------------------------------------------------------------------------------------------------------------------------------------------------------------------------------------------------------------------------+
| attributes             | {}                                                                                                                                                                                                                                                      |
| description            |                                                                                                                                                                                                                                                         |
| links                  | http://192.0.2.1:8004/v1/0efccdb864264fb6870c608e254c0d4b/stacks/overcloud/70261d64-ce22-4dd6-9239-7d3504d20f54/resources/CephStorageNodesPostDeployment (self)                                                                                         |
|                        | http://192.0.2.1:8004/v1/0efccdb864264fb6870c608e254c0d4b/stacks/overcloud/70261d64-ce22-4dd6-9239-7d3504d20f54 (stack)                                                                                                                                 |
|                        | http://192.0.2.1:8004/v1/0efccdb864264fb6870c608e254c0d4b/stacks/overcloud-CephStorageNodesPostDeployment-wddfvgrkz42d/af483340-35d2-4de7-95dd-0ae78d5e4c9b (nested)                                                                                    |
| logical_resource_id    | CephStorageNodesPostDeployment                                                                                                                                                                                                                          |
| physical_resource_id   | af483340-35d2-4de7-95dd-0ae78d5e4c9b                                                                                                                                                                                                                    |
| required_by            |                                                                                                                                                                                                                                                         |
| resource_name          | CephStorageNodesPostDeployment                                                                                                                                                                                                                          |
| resource_status        | UPDATE_FAILED                                                                                                                                                                                                                                           |
| resource_status_reason | ResourceUnknownStatus: Resource failed - Unknown status FAILED due to "ResourceUnknownStatus: Resource failed - Unknown status FAILED due to "Error: Deployment to server failed: deploy_status_code : Deployment exited with non-zero status code: 6"" |
| resource_type          | OS::TripleO::CephStoragePostDeployment                                                                                                                                                                                                                  |
| updated_time           | 2015-06-22T14:25:52Z                                                                                                                                                                                                                                    |
+------------------------+---------------------------------------------------------------------------------------------------------------------------------------------------------------------------------------------------------------------------------------------------------+
Figured out that we do not support scaling ceph from 0 to non 0. 
Changing to low.
